ua
10minutemail.com
1337x.to
24.kg
4freerussia.org
4pda.to
4pda.ws
4pna.com
5sim.net
7dniv.rv.ua
7tv.app
7tv.io
9tv.co.il
a-vrv.akamaized.net
abercrombie.com
abook-club.ru
academy.terrasoft.ua
activatica.org
adguard-vpn.com
adguard.com
adidas.com
adminforge.de
adobe.com
adobe.io
adobe.net
ads-twitter.com
adultmult.tv
affinity.studio
agents.media
ahrefs.com
ai-chat.bsg.brave.com
ai.com
aircanada.com
akc.org
all3dp.com
allegro.pl
alphacoders.com
alza.hu
amazfitwatchfaces.com
amdm.ru
amedia.site
amnezia.org
amplitude.com
amx.com
analog.com
andrevi.ch
anidub.com
anilib.me
anilibria.org
anilibria.tv
anilibria.uno
anilibria.wtf
animaunt.org
anime-portal.su
animebest.org
animedia.tv
animego.org
animespirit.ru
anistar.org
anistars.ru
annas-archive.org
ansys.com
anthropic.com
anthropic.qualtrics.com
any.do
aol.com
api.jetbrains.ai
api.service-kp.com
api.theins.info
api.themoviedb.org
apkmirror.com
arbat.media
arc.net
archive.ph
archiveofourown.org
arduino.cc
as6723.net
assets.heroku.com
atlassian.com
atn.ua
att.com
attachments.f95zone.to
atv4.dnskp.cc
audiobookbay.lu
augmentcode.com
autodesk.com
avira.com
azathabar.com
azattyq.org
babepedia.com
babook.org
backend-v2.crixet.com
baginya.org
baikal-journal.ru
bato.to
bbc.co.uk
bbc.com
bbci.co.uk
bcbits.com
bell-sw.com
bellingcat.com
bestbuy.com
bestchange.ru
bihus.info
bitdefender.com
bitnami.com
blackseanews.net
blinkshot.io
bluehost.com
booktracker.org
boominfo.org
booth.pm
booth.pximg.net
bosch.com
boschaftermarket.com
boschautoparts.com
botnadzor.org
brawlstarsgame.com
broadcom.com
broncosportforum.com
bt4gprx.com
btdig.com
btod.com
buanzo.org
buf.build
bufferbloat.net
builds.parsec.app
buymeacoffee.com
byteoversea.com
canva.com
canva.dev
capacitorjs.com
carnegieendowment.org
carrefouruae.com
cats.com
cbilling.eu
cbilling.vip
cdn.web-platform.io
cdnbunny.org
cdninstagram.com
cdromance.org
cdw.com
censor.net
censortracker.org
chainreactioncycles.com
chaos.com
charhub.io
chat.com
chat.openai.com.cdn.cloudflare.net
chatgpt.com
chaturbate.com
cherta.media
chess.com
chesscomfiles.com
chub.ai
circlecrewpinkcrowd.com
cisco.com
cisecurity.org
citrix.com
clamav.net
clashofclans.com
clashroyaleapp.com
claude.ai
claude.com
clevelandclinic.org
clickup.com
clip.opus.pro
cloudtorrents.com
cms-twdigitalassets.com
cnd2exp.online
cock.li
code.gist.build
codeium.com
codelinaro.org
coingate.com
coinpayments.net
coinsbee.com
coldfilm.city
coldfilm.ink
coldfilm.xyz
colta.ru
community.sophos.com
connect.ngrok-agent.com
contabo.com
coomer.su
copilot.microsoft.com
corsair.com
coursera.org
cpu-monkey.com
credly.com
croxyproxy.com
crunchyroll.com
csskor.ill.in.ua
cub.red
currenttime.tv
cursor-cdn.com
cursor.sh
cursorapi.com
cursorinfo.co.il
cvedetails.com
cyberghostvpn.com
cyxymu.info
daemon-tools.cc
dailylviv.com
danbooru.donmai.us
dashboard.algolia.com
dashboard.gitguardian.com
data-cdn.mbamupdates.com
data.cline.bot
deckbrew.xyz
decrypt.day
deepl.com
deepstatemap.live
deezer.com
delfi.lt
delfi.lv
delivery.2d.net.co
dell.com
dellcdn.com
depositphotos.com
designer.microsoft.com
designify.com
developer.nvidia.com
devexpress.com
deviantart.com
diabrowser.com
digash.live
digikey.com
digitalcontent.sky
digitalocean.com
dis.gd
discord-activities.com
discord-attachments-uploads-prd.storage.googleapis.com
discord.co
discord.com
discord.design
discord.dev
discord.gg
discord.gift
discord.gifts
discord.media
discord.new
discord.store
discord.tools
discordactivities.com
discordapp.com
discordapp.net
discordmerch.com
discordpartygames.com
discordsays.com
discours.io
disctech.com
disneyplus.com
docs.liquibase.com
document360.com
document360.io
dorama.live
doramalive.ru
doramy.club
dovod.online
download3.omnissa.com
downloads.intercomcdn.com
doxa.team
dpidetector.org
dreamhost.com
dub.sh
ducati.com
dumka.media
dw.com
dyson.com
e-hentai.org
e621.net
easydmarc.com
echofm.online
editorx.com
edu-cisco.org
ef.com
ef.edu
eggertspiele.de
ej.ru
ekhokavkaza.com
element14.com
elements.envato.com
elevenlabs.io
eneba.com
epidemz.net.co
eporner.com
espreso.tv
etahub.com
etsy.com
euronews.com
europesays.com
euroradio.fm
eutrp.eu
everand.com
exchanger.bits.media
exler.es
expandrive.com
expres.online
