shop.gameloft.com
showip.net
sibreal.org
signal.org
sigsauer.com
simplex.chat
simplex.im
simplix.info
singlekey-id.com
site.com
siteground.com
skat.media
sketchup.com
skiff.com
skladchik.com
sklatchiki.ru
sky.com
skycdp.com
slashlib.me
slavicsac.com
slifki.biz
smartbear.co
smartbear.com
smartdeploy.com
sms-activate.io
snapgametech.com
snapgene.com
sndcdn.com
snort.org
snyk.io
sobesednik.com
solarwinds.com
sonara.ai
sophos.com
sora.com
sotaproject.com
soundcloud.cloud
soundcloud.com
sovetromantica.com
spacelift.io
speedtest.net
spektr.press
spiceworks.com
spiegel.de
spitfireaudio.com
spotify.com
spreadthesign.com
sputnikipogrom.com
squadbustersgame.com
squareup.com
squietpc.com
startmail.com
startpage.com
static.lostfilm.top
statology.org
steamstat.info
strana.news
strana.today
strava.com
streamable.com
suggestqueries.google.com
supercell.com
supersliv.biz
support.anydesk.com
support.xerox.com
surfshark.com
surveymonkey.com
suspilne.media
svidomi.in.ua
svoboda.org
svoi.kr.ua
svtv.org
swagger.io
swapd.co
swissinfo.ch
synoforum.com
syslog-ng.com
t-invariant.org
t.co
tableau.com
talosintelligence.com
tayga.info
te-st.org
teamviewer.com
techbargains.com
telegraf.by
telegraf.news
telegraph.co.uk
telemetr.io
tellapart.com
tempmail.plus
temu.com
terraform.io
the-village.ru
theaudiodb.com
thebarentsobserver.com
thebell.io
theins.press
theins.ru
themoscowtimes.com
themoviedb.org
thepiratebay.org
theporndude.com
thetruestory.news
thetvdb.com
threads.com
threads.net
threema.ch
ti.com
tidal.com
tik-tokapi.com
tiktok.com
tiktokcdn-eu.com
tiktokcdn-us.com
tiktokcdn.com
tiktokd.net
tiktokd.org
tiktokv.com
tiktokv.eu
tiktokv.us
tiktokw.us
timberland.de
tiptop-vpn.com
tmdb-image-prod.b-cdn.net
tmdb.com
tmdb.org
toolbox.app
torproject.org
torrenteditor.com
torrentgalaxy.to
trae.ai
trailblazer.me
trailhead.com
transferwise.com
trellix.com
tria.ge
trueblackmetalradio.com
truthsocial.com
tsmc.com
ttwstatic.com
turbobit.net
tuta.com
tuta.io
tutanota.com
tvdevinfo.com
tvfreedom.io
tvrain.ru
tvrain.tv
tweetdeck.com
twimg.com
twin.me
twinlife-systems.com
twinme.com
twirpx.com
twitpic.com
twitter.biz
twitter.com
twitter.jp
twittercommunity.com
twitterflightschool.com
twitterinc.com
twitteroauth.com
twitterstat.us
twtrdns.net
twttr.com
twttr.net
twvid.com
typing.com
uaudio.com
ui.ill.in.ua
uizard.io
ukdevilz.com
ukr.net
ukr.radio
ukrainer.net
ukrinform.net
ukrtelcdn.net
unian.ua
unscreen.com
unsplash.com
upwork.com
urlr.me
usa.one
usatoday.com
usher.ttvnw.net
v.vrv.co
vagrantcloud.com
veeam.com
verificationacademy.com
verstka.media
vesma.one
vesma.today
vesty.co.il
viber.com
vice.com
vine.co
vipergirls.to
visualcapitalist.com
vmware.com
vndb.org
voanews.com
vod-fy.crunchyrollcdn.com
voidboost.cc
volkswagen-classic-parts.com
vot-tak.tv
vpngate.net
vpngen.org
vpnlove.me
vpnpay.io
vyos.io
w.atwiki.jp
wa.me
walmart.com
watchguard.com
watermarkremover.io
wbagora.com
wbgames.com
wdfiles.com
weather.com
webmd.com
webnames.ca
webtoons.com
weebly.com
welt.de
wetransfer.com
whatsapp.biz
whatsapp.com
whatsapp.net
wide-youtube.l.google.com
widgetapp.stream
wiki.fextralife.com
wikidot.com
wilsoncenter.org
windows10spotlight.com
windsurf.com
wise.com
wonderzine.com
wpengine.com
wunderground.com
www3.corsair.com
x-minus.pro
x.ai
x.com
xhamster.com
xhamsterlive.com
xhcdn.com
xiaomi.eu
xnxx-cdn.com
xnxx-ru.com
xnxx.com
xnxx.net
xnxx.tv
xnxx3.com
xrite.com
xsts.auth.xboxlive.com
xtracloud.net
xv-ru.com
xvideos-cdn.com
xvideos.com
yande.re
yeggi.com
yle.fi
youtrack.cloud
youtu.be
youtube-nocookie.com
youtube-ui.l.google.com
youtube.com
youtubeembeddedplayer.googleapis.com
youtubei.googleapis.com
youtubekids.com
yt-video-upload.l.google.com
yt.be
yt3.googleusercontent.com
ytimg.com
ytimg.l.google.com
yting.com
yummyani.me
zahav.ru
zapier.com
zaxid.net
zbigz.com
zedge.net
zendesk.com
zerkalo.io
zerossl.com
zona.media
