mongodb.com
monolisa.dev
monoprice.com
more.fm
moscowtimes.ru
mouser.com
mouser.fi
mssg.me
mullvad.net
multisim.com
multporn.net
muscdn.com
musical.ly
musicbrainz.org
musixmatch.com
mw2.wiki
myanimelist.net
mydoramy.club
myheritage.com
myjetbrains.com
myparallels.com
myqrcode.com
navalny.com
nba.com
neformat.com.ua
neo4j.com
netacad.com
netapp.com
netflix.ca
netflix.com
netflix.net
netflixinvestor.com
netflixtechblog.com
netlify.com
networksolutions.com
new.abb.com
newark.com
news.google.com
newsroom.porsche.com
newsru.co.il
newsru.com
newtimes.ru
nfl.com
nflxext.com
nflximg.com
nflximg.net
nflxsearch.net
nflxso.net
nflxvideo.net
ngrok.com
nhentai.com
nhentai.net
nhl.com
ni.com
nih.gov
nike.com
nippon.com
nitropdf.com
nnmclub.to
nnmstatic.win
nordaccount.com
nordcdn.com
nordvpn.com
notepad-plus-plus.org
notion-emojis.s3-us-west-2.amazonaws.com
notion-static.com
notion.com
notion.new
notion.site
notion.so
novaline.fm
novaya.no
novayagazeta.eu
novayagazeta.ru
novyny.live
ntc.party
ntp.msn.com
nude-moon.org
nxp.com
oaistatic.com
oaiusercontent.com
obozrevatel.com
ocstore.com
octopus.do
oculus.com
ohmyswift.ru
oi.legal
okx.com
olx.ua
omnissa.com
omv-extras.org
onfastspring.com
onlinesim.io
onshape.com
openai.com
openh264.org
openmedia.io
openrouter.ai
opensanctions.org
opensea.io
opentrackr.org
opposition-news.com
oracle.com
oraclecloud.com
ovd.info
ovd.legal
ovd.news
ovdinfo.org
ozodi.org
paddle.com
paddlestatus.com
pages.dev
pandasecurity.com
pap.pl
paperpaper.io
paperpaper.ru
parallels.cn
parallels.com
parallels.net
parallelsaccess.com
paritydeals.com
patreon.com
patreonusercontent.com
patriot.dp.ua
paywithmoon.com
pb.wtf
pcgamesn.com
pcmag.com
penguin.com
penguinrandomhouse.com
periscope.tv
pexels.com
philiascans.org
phncdn.com
phncdn.com.sds.rncdn7.com
pimpletv.ru
pingdom.com
piratbit.top
pixabay.com
pixiv.net
pkgs.tailscale.com
platform.activestate.com
playboy.com
plugshare.com
polit.ru
politico.eu
politiken.dk
polymarket.com
pornhub.com
pornhub.org
pornolab.net
portal.lviv.ua
posle.media
posthog.com
postimees.ee
pravda.com
pravda.com.ua
premierleague.com
primark.com
primevideo.com
primevue.org
privatekeys.pw
prnt.sc
proactivebackend-pa.googleapis.com
production-openaicom-storage.azureedge.net
proekt.media
profitwell.com
pronouns.page
prosleduetmedia.com
prostovpn.org
proton.me
protonvpn.com
provereno.media
prowlarr.com
pscp.tv
psiphon.ca
public.parsec.app
pvpessence.com
qobuz.com
qodana.cloud
qoder.com
qt.io
qualcomm.com
quicknode.com
quora.com
quora.com.cdn.cloudflare.net
qwant.com
r4.err.ee
radiojar.com
radiosakharov.org
radiosvoboda.org
rbc.ua
reactflow.dev
realbooru.com
realist.online
recraft.ai
reddxxx.com
redgifs.com
redis.io
redislabs.com
redshieldvpn.com
refactoring.guru
remna.st
remove.bg
render-state.to
rentry.co
rentry.org
republic.ru
research.net
restream.io
returnyoutubedislikeapi.com
reve.art
rezka-ua.in
rezka.ag
rezka.cc
rezka.fi
rezka.land
rezka.my
rezka.tv
rezkify.com
rezonans.media
rf.dobrochan.net
rferl.org
rima.media
riperam.org
riseup.net
roar-review.com
root-nation.com
roskomsvoboda.org
rublacklist.net
rule34.art
rule34.us
rule34.xxx
rus.delfi.ee
rus.jauns.lv
ruscryde.net
rustorka.com
rutor.info
rutor.is
rutor.org
rutracker.cc
rutracker.net
rutracker.org
rutracker.wiki
sakhalin.info
sakharovfoundation.org
salesforce-experience.com
salesforce-hub.com
salesforce-scrt.com
salesforce-setup.com
salesforce-sites.com
salesforce.com
salesforceiq.com
salesforceliveagent.com
sankakuapi.com
sankakucomplex.com
sankakustatic.com
sap.com
saverudata.net
schneider-electric.com
sci-hub.se
sci-hub.st
scrollrevealjs.org
scryde.io
scryde.net
scryde.ru
scryde.world
scryde1.net
scryde10.net
scryde11.net
scryde12.net
scryde2.net
scryde3.net
scryde4.net
scryde5.net
scryde6.net
scryde7.net
scryde8.net
scryde9.net
sdxcentral.com
se.com
searchfloor.org
seasonvar.ru
seconddinnertech.com
selezen.org
semnasem.org
semrush.com
sentry.dev
sentry.io
sephora.com
servarr.com
severreal.org
sfdcopens.com
sharefile.com
sharefile.io
shikimori.me
shikimori.one
shinyhardware.co.uk
shiza-project.com
