ghostrc.game.idtech.services
spitfireaudio.com
uaudio.com
support.xerox.com
tutanota.com
contabo.com
forum.netgate.com
talosintelligence.com
tempmail.plus
corsair.com
mattermost.com
sentry.io
sentry.dev
torrenteditor.com
ntp.msn.com
oracle.com
etsy.com
myheritage.com
mssg.me
reve.art
clip.opus.pro
capacitorjs.com
manus.im
files.manus.cdn
gpu-monkey.com
amplitude.com
clamav.net
max.com
disneyplus.com
hbomax.com
vyos.io
watchguard.com
truthsocial.com
spiceworks.com
windsurf.com
flyertalk.com
techbargains.com
bosch.com
boschautoparts.com
boschaftermarket.com
langdock.com
mailinator.com
marvelsnap.com
seconddinnertech.com
snapgametech.com
fxnetworks.com
deepl.com
citrix.com
cisecurity.org
home.by.me
penguinrandomhouse.com
metopera.org
penguin.com
semrush.com
ikea.com
filebin.net
andrevi.ch
ansys.com
clickup.com
mailerlite.com
hc-ping.com
hchk.io
expandrive.com
editorx.com
myqrcode.com
openrouter.ai
trae.ai
yeggi.com
wbgames.com
wbagora.com
openh264.org
wunderground.com
intuit.com
deezer.com
imgur.com
zerossl.com
snapgene.com
miracleptr.wordpress.com
uizard.io
grizzlysms.com
lgthinq.com
lgeapi.com
data.cline.bot
exchanger.bits.media
tidal.com
pandasecurity.com
manybooks.net
netapp.com
gamestop.com
g2a.com
eneba.com
genspark.ai
arc.net
clevelandclinic.org
housebrand.com
devexpress.com
quicknode.com
dyson.com
easydmarc.com
hume.ai
hybrid-analysis.com
posthog.com
qwant.com
tria.ge
akc.org
aircanada.com
connect.ngrok-agent.com
diabrowser.com
siteground.com
indeed.com
sonara.ai
atlassian.com
netacad.com
transferwise.com
wise.com
mouser.com
xiaomi.eu
arduino.cc
legalshield.com
new.abb.com
swapd.co
qualcomm.com
support.anydesk.com
document360.io
document360.com
augmentcode.com
klarna.com
mintmobile.com
lyst.com
affinity.studio
x-minus.pro
primark.com
octopus.do
all3dp.com
chainreactioncycles.com
backend-v2.crixet.com
xrite.com
qodana.cloud
qoder.com
httptoolkit.com
fivetran.com
dashboard.gitguardian.com
gofund.me
oraclecloud.com
philiascans.org
streamable.com
wetransfer.com
joesandbox.com
dashboard.algolia.com
multisim.com
ni.com
verificationacademy.com
meetup.com
gonift.com
last.fm
se.com
schneider-electric.com
iedb.org
sharefile.com
sharefile.io
syslog-ng.com
patreon.com
patreonusercontent.com
qobuz.com
sigsauer.com
paywithmoon.com
